mode: atomic
github.com/wealth-stack/backend/internal/auth/jwt.go:36.84,42.2 1 4
github.com/wealth-stack/backend/internal/auth/jwt.go:44.69,46.16 2 4
github.com/wealth-stack/backend/internal/auth/jwt.go:46.16,48.3 1 0
github.com/wealth-stack/backend/internal/auth/jwt.go:49.2,50.16 2 4
github.com/wealth-stack/backend/internal/auth/jwt.go:50.16,52.3 1 0
github.com/wealth-stack/backend/internal/auth/jwt.go:53.2,57.8 1 4
github.com/wealth-stack/backend/internal/auth/jwt.go:60.70,62.16 2 2
github.com/wealth-stack/backend/internal/auth/jwt.go:62.16,64.3 1 0
github.com/wealth-stack/backend/internal/auth/jwt.go:65.2,65.42 1 2
github.com/wealth-stack/backend/internal/auth/jwt.go:65.42,67.3 1 1
github.com/wealth-stack/backend/internal/auth/jwt.go:68.2,69.16 2 1
github.com/wealth-stack/backend/internal/auth/jwt.go:69.16,71.3 1 0
github.com/wealth-stack/backend/internal/auth/jwt.go:72.2,72.28 1 1
github.com/wealth-stack/backend/internal/auth/jwt.go:75.59,76.95 1 6
github.com/wealth-stack/backend/internal/auth/jwt.go:76.95,77.53 1 5
github.com/wealth-stack/backend/internal/auth/jwt.go:77.53,79.4 1 0
github.com/wealth-stack/backend/internal/auth/jwt.go:80.3,80.23 1 5
github.com/wealth-stack/backend/internal/auth/jwt.go:82.2,82.16 1 6
github.com/wealth-stack/backend/internal/auth/jwt.go:82.16,84.3 1 1
github.com/wealth-stack/backend/internal/auth/jwt.go:85.2,86.26 2 5
github.com/wealth-stack/backend/internal/auth/jwt.go:86.26,88.3 1 0
github.com/wealth-stack/backend/internal/auth/jwt.go:89.2,89.20 1 5
github.com/wealth-stack/backend/internal/auth/jwt.go:92.101,105.2 4 8
github.com/wealth-stack/backend/internal/auth/password.go:7.52,9.16 2 1
github.com/wealth-stack/backend/internal/auth/password.go:9.16,11.3 1 0
github.com/wealth-stack/backend/internal/auth/password.go:12.2,12.23 1 1
github.com/wealth-stack/backend/internal/auth/password.go:15.48,17.2 1 2
github.com/wealth-stack/backend/internal/auth/service.go:23.67,25.2 1 0
github.com/wealth-stack/backend/internal/auth/service.go:37.86,39.41 2 0
github.com/wealth-stack/backend/internal/auth/service.go:39.41,41.3 1 0
github.com/wealth-stack/backend/internal/auth/service.go:42.2,43.16 2 0
github.com/wealth-stack/backend/internal/auth/service.go:43.16,45.3 1 0
github.com/wealth-stack/backend/internal/auth/service.go:46.2,50.16 2 0
github.com/wealth-stack/backend/internal/auth/service.go:50.16,52.54 2 0
github.com/wealth-stack/backend/internal/auth/service.go:52.54,54.4 1 0
github.com/wealth-stack/backend/internal/auth/service.go:55.3,55.26 1 0
github.com/wealth-stack/backend/internal/auth/service.go:57.2,57.33 1 0
github.com/wealth-stack/backend/internal/auth/service.go:60.80,63.16 3 0
github.com/wealth-stack/backend/internal/auth/service.go:63.16,65.3 1 0
github.com/wealth-stack/backend/internal/auth/service.go:66.2,66.52 1 0
github.com/wealth-stack/backend/internal/auth/service.go:66.52,68.3 1 0
github.com/wealth-stack/backend/internal/auth/service.go:69.2,69.33 1 0
github.com/wealth-stack/backend/internal/auth/service.go:72.88,74.2 1 0
github.com/wealth-stack/backend/internal/auth/service.go:76.58,78.2 1 0
